

=====================================================
Testing Falcon Genome Release Package
=====================================================


Falcon Genome Analysis Toolkit v1.1.3-16-ge2a1d0d-hwc
bwa-bin version Falcon BWA-MEM Version: v0.4.3-5-xlnx-hwc
3.8-falcon-v0.4.3-0-gaae6ad0

Begin Test



=====================================================
Testing Falcon Genome Release Package
=====================================================


Falcon Genome Analysis Toolkit v1.1.3-16-ge2a1d0d-hwc
bwa-bin version Falcon BWA-MEM Version: v0.4.3-5-xlnx-hwc
3.8-falcon-v0.4.3-0-gaae6ad0

Begin Test

